22:14:08 **** Incremental Build of configuration Debug for project Practica0 ****
make -j4 all 
arm-none-eabi-gcc "../Src/main.c" -mcpu=cortex-m4 -std=gnu11 -g3 -DDEBUG -DSTM32 -DSTM32F429ZITx -DSTM32F4 -DNUCLEO_F429ZI -DUSE_HAL_DRIVER -DSTM32F429xx -c -I../Inc -I"C:/Users/eriik/Desktop/Ricardo/Postgrado/CESE/Materias/01 - Programacion Microcontroladores/CESE-PdM/Practica0/Drivers/STM32F4xx_HAL_Driver/Inc" -I"C:/Users/eriik/Desktop/Ricardo/Postgrado/CESE/Materias/01 - Programacion Microcontroladores/CESE-PdM/Practica0/Drivers/CMSIS/Include" -I"C:/Users/eriik/Desktop/Ricardo/Postgrado/CESE/Materias/01 - Programacion Microcontroladores/CESE-PdM/Practica0/Drivers/CMSIS/Device/ST/STM32F4xx/Include" -I"C:/Users/eriik/Desktop/Ricardo/Postgrado/CESE/Materias/01 - Programacion Microcontroladores/CESE-PdM/Practica0/Drivers/BSP/STM32F4xx_Nucleo_144" -I"C:/Users/eriik/Desktop/Ricardo/Postgrado/CESE/Materias/01 - Programacion Microcontroladores/CESE-PdM/Practica0/Drivers/Core/Inc" -O0 -ffunction-sections -fdata-sections -Wall -fstack-usage -MMD -MP -MF"Src/main.d" -MT"Src/main.o" --specs=nano.specs -mfpu=fpv4-sp-d16 -mfloat-abi=hard -mthumb -o "Src/main.o"
arm-none-eabi-gcc -o "Practica0.elf" @"objects.list"   -mcpu=cortex-m4 -T"C:\Users\eriik\Desktop\Ricardo\Postgrado\CESE\Materias\01 - Programacion Microcontroladores\CESE-PdM\Practica0\STM32F429ZITX_FLASH.ld" --specs=nosys.specs -Wl,-Map="Practica0.map" -Wl,--gc-sections -static --specs=nano.specs -mfpu=fpv4-sp-d16 -mfloat-abi=hard -mthumb -Wl,--start-group -lc -lm -Wl,--end-group
Finished building target: Practica0.elf
 
arm-none-eabi-size   Practica0.elf 
arm-none-eabi-objdump -h -S  Practica0.elf  > "Practica0.list"
arm-none-eabi-objcopy  -O binary  Practica0.elf  "Practica0.bin"
   text	   data	    bss	    dec	    hex	filename
   6764	     36	   1572	   8372	   20b4	Practica0.elf
Finished building: default.size.stdout
 
Finished building: Practica0.bin
 
Finished building: Practica0.list
 
22:14:28 **** Incremental Build of configuration Debug for project Practica0 ****
make -j4 all 
arm-none-eabi-size   Practica0.elf 
   text	   data	    bss	    dec	    hex	filename
   6764	     36	   1572	   8372	   20b4	Practica0.elf
Finished building: default.size.stdout
 
